// Jest Snapshot v1, https://goo.gl/fbAQLP

exports[`Mutation createProduct Should return cart if exists 1`] = `
Object {
  "data": Object {
    "createProduct": Object {
      "id": "11111111-1111-1111-1111-111111111110",
      "image": "image1.jpg",
      "name": "product2",
    },
  },
  "errors": undefined,
  "extensions": undefined,
  "http": Object {
    "headers": Headers {
      Symbol(map): Object {
        "Cache-Control": Array [
          "max-age=5, public",
        ],
      },
    },
  },
}
`;
